// Jest Snapshot v1, https://goo.gl/fbAQLP

exports[`Testing Login screen renders correctly 1`] = `
ShallowWrapper {
  Symbol(enzyme.__root__): [Circular],
  Symbol(enzyme.__unrendered__): <LoginScreen
    clearActions={[Function]}
    dispatch={[Function]}
    getActions={[Function]}
    getState={[Function]}
    navigation={
      Object {
        "navigate": [MockFunction],
      }
    }
    replaceReducer={[Function]}
    state={
      Object {
        "email": "test@test.pl",
        "password": null,
        "window": Object {
          "screen": Object {
            "height": 375,
            "width": 667,
          },
        },
      }
    }
    store={
      Object {
        "clearActions": [Function],
        "dispatch": [Function],
        "getActions": [Function],
        "getState": [Function],
        "replaceReducer": [Function],
        "subscribe": [Function],
      }
    }
    storeSubscription={
      Subscription {
        "listeners": Object {
          "clear": [Function],
          "get": [Function],
          "notify": [Function],
          "subscribe": [Function],
        },
        "onStateChange": [Function],
        "parentSub": undefined,
        "store": Object {
          "clearActions": [Function],
          "dispatch": [Function],
          "getActions": [Function],
          "getState": [Function],
          "replaceReducer": [Function],
          "subscribe": [Function],
        },
        "unsubscribe": [Function],
      }
    }
    subscribe={[Function]}
  />,
  Symbol(enzyme.__renderer__): Object {
    "batchedUpdates": [Function],
    "getNode": [Function],
    "render": [Function],
    "simulateEvent": [Function],
    "unmount": [Function],
  },
  Symbol(enzyme.__node__): Object {
    "instance": null,
    "key": undefined,
    "nodeType": "class",
    "props": Object {
      "children": Array [
        <Component
          style={
            Array [
              Object {
                "flex": 1,
              },
              Object {
                "alignItems": "center",
                "flex": 2,
                "flexDirection": "column",
                "justifyContent": "flex-end",
                "paddingTop": 120,
              },
            ]
          }
        >
          <Image
            source={
              Object {
                "testUri": "../../../src/assets/fishmap-lightsky.png",
              }
            }
          />
        </Component>,
        <Component
          style={
            Array [
              Object {
                "flex": 1,
              },
              Object {
                "backgroundColor": "white",
                "flex": 2,
                "flexDirection": "column",
                "paddingBottom": 40,
                "paddingLeft": 10,
                "paddingRight": 10,
                "paddingTop": 32,
              },
            ]
          }
        >
          <TextInput
            allowFontScaling={true}
            maxLength={40}
            onChangeText={[Function]}
            placeholder="your@email.com"
            placeholderTextColor="lightgray"
            style={
              Object {
                "borderBottomColor": "#2F95D6",
                "borderBottomWidth": 1,
                "color": "gray",
                "height": 50,
              }
            }
            underlineColorAndroid="#2F95D6"
          />
          <TextInput
            allowFontScaling={true}
            maxLength={40}
            onChangeText={[Function]}
            placeholder="password"
            placeholderTextColor="lightgray"
            secureTextEntry={true}
            style={
              Object {
                "borderBottomColor": "#2F95D6",
                "borderBottomWidth": 1,
                "color": "gray",
                "height": 50,
              }
            }
            underlineColorAndroid="#2F95D6"
          />
        </Component>,
        <Component
          style={
            Array [
              Object {
                "flex": 1,
              },
              Object {
                "backgroundColor": "white",
                "flex": 3,
                "flexDirection": "column",
                "justifyContent": "space-around",
                "paddingLeft": 10,
                "paddingRight": 10,
              },
            ]
          }
        >
          <Button
            backgroundColor="gray"
            disabled={true}
            icon={
              Object {
                "name": "sign-in",
                "type": "font-awesome",
              }
            }
            onPress={[Function]}
            rounded={true}
            title="Login"
          />
          <Component
            style={
              Object {
                "alignItems": "center",
              }
            }
          >
            <TouchableHighlight
              activeOpacity={0.85}
              delayPressOut={100}
              underlayColor="black"
            >
              <Component>
                Forgot password ?
              </Component>
            </TouchableHighlight>
          </Component>
        </Component>,
        <Component
          style={
            Array [
              Object {
                "flex": 1,
              },
              Object {
                "backgroundColor": "white",
                "flex": 2,
                "justifyContent": "space-around",
                "paddingLeft": 10,
                "paddingRight": 10,
              },
            ]
          }
        >
          <AnimatedComponent
            style={
              Array [
                Object {
                  "opacity": 1,
                  "transform": Array [
                    Object {
                      "scaleX": 1,
                    },
                  ],
                },
              ]
            }
          >
            <Button
              backgroundColor="green"
              icon={
                Object {
                  "name": "user-o",
                  "type": "font-awesome",
                }
              }
              onPress={[Function]}
              rounded={true}
              title="Create new Account"
            />
          </AnimatedComponent>
        </Component>,
      ],
      "style": Object {
        "backgroundColor": "#2F95D6",
        "flex": 1,
        "justifyContent": "center",
      },
    },
    "ref": null,
    "rendered": Array [
      Object {
        "instance": null,
        "key": undefined,
        "nodeType": "class",
        "props": Object {
          "children": <Image
            source={
              Object {
                "testUri": "../../../src/assets/fishmap-lightsky.png",
              }
            }
          />,
          "style": Array [
            Object {
              "flex": 1,
            },
            Object {
              "alignItems": "center",
              "flex": 2,
              "flexDirection": "column",
              "justifyContent": "flex-end",
              "paddingTop": 120,
            },
          ],
        },
        "ref": null,
        "rendered": Object {
          "instance": null,
          "key": undefined,
          "nodeType": "class",
          "props": Object {
            "source": Object {
              "testUri": "../../../src/assets/fishmap-lightsky.png",
            },
          },
          "ref": null,
          "rendered": null,
          "type": [Function],
        },
        "type": [Function],
      },
      Object {
        "instance": null,
        "key": undefined,
        "nodeType": "class",
        "props": Object {
          "children": Array [
            <TextInput
              allowFontScaling={true}
              maxLength={40}
              onChangeText={[Function]}
              placeholder="your@email.com"
              placeholderTextColor="lightgray"
              style={
                Object {
                  "borderBottomColor": "#2F95D6",
                  "borderBottomWidth": 1,
                  "color": "gray",
                  "height": 50,
                }
              }
              underlineColorAndroid="#2F95D6"
            />,
            <TextInput
              allowFontScaling={true}
              maxLength={40}
              onChangeText={[Function]}
              placeholder="password"
              placeholderTextColor="lightgray"
              secureTextEntry={true}
              style={
                Object {
                  "borderBottomColor": "#2F95D6",
                  "borderBottomWidth": 1,
                  "color": "gray",
                  "height": 50,
                }
              }
              underlineColorAndroid="#2F95D6"
            />,
          ],
          "style": Array [
            Object {
              "flex": 1,
            },
            Object {
              "backgroundColor": "white",
              "flex": 2,
              "flexDirection": "column",
              "paddingBottom": 40,
              "paddingLeft": 10,
              "paddingRight": 10,
              "paddingTop": 32,
            },
          ],
        },
        "ref": null,
        "rendered": Array [
          Object {
            "instance": null,
            "key": undefined,
            "nodeType": "class",
            "props": Object {
              "allowFontScaling": true,
              "maxLength": 40,
              "onChangeText": [Function],
              "placeholder": "your@email.com",
              "placeholderTextColor": "lightgray",
              "style": Object {
                "borderBottomColor": "#2F95D6",
                "borderBottomWidth": 1,
                "color": "gray",
                "height": 50,
              },
              "underlineColorAndroid": "#2F95D6",
            },
            "ref": null,
            "rendered": null,
            "type": [Function],
          },
          Object {
            "instance": null,
            "key": undefined,
            "nodeType": "class",
            "props": Object {
              "allowFontScaling": true,
              "maxLength": 40,
              "onChangeText": [Function],
              "placeholder": "password",
              "placeholderTextColor": "lightgray",
              "secureTextEntry": true,
              "style": Object {
                "borderBottomColor": "#2F95D6",
                "borderBottomWidth": 1,
                "color": "gray",
                "height": 50,
              },
              "underlineColorAndroid": "#2F95D6",
            },
            "ref": null,
            "rendered": null,
            "type": [Function],
          },
        ],
        "type": [Function],
      },
      Object {
        "instance": null,
        "key": undefined,
        "nodeType": "class",
        "props": Object {
          "children": Array [
            <Button
              backgroundColor="gray"
              disabled={true}
              icon={
                Object {
                  "name": "sign-in",
                  "type": "font-awesome",
                }
              }
              onPress={[Function]}
              rounded={true}
              title="Login"
            />,
            <Component
              style={
                Object {
                  "alignItems": "center",
                }
              }
            >
              <TouchableHighlight
                activeOpacity={0.85}
                delayPressOut={100}
                underlayColor="black"
              >
                <Component>
                  Forgot password ?
                </Component>
              </TouchableHighlight>
            </Component>,
          ],
          "style": Array [
            Object {
              "flex": 1,
            },
            Object {
              "backgroundColor": "white",
              "flex": 3,
              "flexDirection": "column",
              "justifyContent": "space-around",
              "paddingLeft": 10,
              "paddingRight": 10,
            },
          ],
        },
        "ref": null,
        "rendered": Array [
          Object {
            "instance": null,
            "key": undefined,
            "nodeType": "function",
            "props": Object {
              "backgroundColor": "gray",
              "disabled": true,
              "icon": Object {
                "name": "sign-in",
                "type": "font-awesome",
              },
              "onPress": [Function],
              "rounded": true,
              "title": "Login",
            },
            "ref": null,
            "rendered": null,
            "type": [Function],
          },
          Object {
            "instance": null,
            "key": undefined,
            "nodeType": "class",
            "props": Object {
              "children": <TouchableHighlight
                activeOpacity={0.85}
                delayPressOut={100}
                underlayColor="black"
              >
                <Component>
                  Forgot password ?
                </Component>
              </TouchableHighlight>,
              "style": Object {
                "alignItems": "center",
              },
            },
            "ref": null,
            "rendered": Object {
              "instance": null,
              "key": undefined,
              "nodeType": "class",
              "props": Object {
                "activeOpacity": 0.85,
                "children": <Component>
                  Forgot password ?
                </Component>,
                "delayPressOut": 100,
                "underlayColor": "black",
              },
              "ref": null,
              "rendered": Object {
                "instance": null,
                "key": undefined,
                "nodeType": "class",
                "props": Object {
                  "children": "Forgot password ?",
                },
                "ref": null,
                "rendered": "Forgot password ?",
                "type": [Function],
              },
              "type": [Function],
            },
            "type": [Function],
          },
        ],
        "type": [Function],
      },
      Object {
        "instance": null,
        "key": undefined,
        "nodeType": "class",
        "props": Object {
          "children": <AnimatedComponent
            style={
              Array [
                Object {
                  "opacity": 1,
                  "transform": Array [
                    Object {
                      "scaleX": 1,
                    },
                  ],
                },
              ]
            }
          >
            <Button
              backgroundColor="green"
              icon={
                Object {
                  "name": "user-o",
                  "type": "font-awesome",
                }
              }
              onPress={[Function]}
              rounded={true}
              title="Create new Account"
            />
          </AnimatedComponent>,
          "style": Array [
            Object {
              "flex": 1,
            },
            Object {
              "backgroundColor": "white",
              "flex": 2,
              "justifyContent": "space-around",
              "paddingLeft": 10,
              "paddingRight": 10,
            },
          ],
        },
        "ref": null,
        "rendered": Object {
          "instance": null,
          "key": undefined,
          "nodeType": "class",
          "props": Object {
            "children": <Button
              backgroundColor="green"
              icon={
                Object {
                  "name": "user-o",
                  "type": "font-awesome",
                }
              }
              onPress={[Function]}
              rounded={true}
              title="Create new Account"
            />,
            "style": Array [
              Object {
                "opacity": 1,
                "transform": Array [
                  Object {
                    "scaleX": 1,
                  },
                ],
              },
            ],
          },
          "ref": null,
          "rendered": Object {
            "instance": null,
            "key": undefined,
            "nodeType": "function",
            "props": Object {
              "backgroundColor": "green",
              "icon": Object {
                "name": "user-o",
                "type": "font-awesome",
              },
              "onPress": [Function],
              "rounded": true,
              "title": "Create new Account",
            },
            "ref": null,
            "rendered": null,
            "type": [Function],
          },
          "type": [Function],
        },
        "type": [Function],
      },
    ],
    "type": [Function],
  },
  Symbol(enzyme.__nodes__): Array [
    Object {
      "instance": null,
      "key": undefined,
      "nodeType": "class",
      "props": Object {
        "children": Array [
          <Component
            style={
              Array [
                Object {
                  "flex": 1,
                },
                Object {
                  "alignItems": "center",
                  "flex": 2,
                  "flexDirection": "column",
                  "justifyContent": "flex-end",
                  "paddingTop": 120,
                },
              ]
            }
          >
            <Image
              source={
                Object {
                  "testUri": "../../../src/assets/fishmap-lightsky.png",
                }
              }
            />
          </Component>,
          <Component
            style={
              Array [
                Object {
                  "flex": 1,
                },
                Object {
                  "backgroundColor": "white",
                  "flex": 2,
                  "flexDirection": "column",
                  "paddingBottom": 40,
                  "paddingLeft": 10,
                  "paddingRight": 10,
                  "paddingTop": 32,
                },
              ]
            }
          >
            <TextInput
              allowFontScaling={true}
              maxLength={40}
              onChangeText={[Function]}
              placeholder="your@email.com"
              placeholderTextColor="lightgray"
              style={
                Object {
                  "borderBottomColor": "#2F95D6",
                  "borderBottomWidth": 1,
                  "color": "gray",
                  "height": 50,
                }
              }
              underlineColorAndroid="#2F95D6"
            />
            <TextInput
              allowFontScaling={true}
              maxLength={40}
              onChangeText={[Function]}
              placeholder="password"
              placeholderTextColor="lightgray"
              secureTextEntry={true}
              style={
                Object {
                  "borderBottomColor": "#2F95D6",
                  "borderBottomWidth": 1,
                  "color": "gray",
                  "height": 50,
                }
              }
              underlineColorAndroid="#2F95D6"
            />
          </Component>,
          <Component
            style={
              Array [
                Object {
                  "flex": 1,
                },
                Object {
                  "backgroundColor": "white",
                  "flex": 3,
                  "flexDirection": "column",
                  "justifyContent": "space-around",
                  "paddingLeft": 10,
                  "paddingRight": 10,
                },
              ]
            }
          >
            <Button
              backgroundColor="gray"
              disabled={true}
              icon={
                Object {
                  "name": "sign-in",
                  "type": "font-awesome",
                }
              }
              onPress={[Function]}
              rounded={true}
              title="Login"
            />
            <Component
              style={
                Object {
                  "alignItems": "center",
                }
              }
            >
              <TouchableHighlight
                activeOpacity={0.85}
                delayPressOut={100}
                underlayColor="black"
              >
                <Component>
                  Forgot password ?
                </Component>
              </TouchableHighlight>
            </Component>
          </Component>,
          <Component
            style={
              Array [
                Object {
                  "flex": 1,
                },
                Object {
                  "backgroundColor": "white",
                  "flex": 2,
                  "justifyContent": "space-around",
                  "paddingLeft": 10,
                  "paddingRight": 10,
                },
              ]
            }
          >
            <AnimatedComponent
              style={
                Array [
                  Object {
                    "opacity": 1,
                    "transform": Array [
                      Object {
                        "scaleX": 1,
                      },
                    ],
                  },
                ]
              }
            >
              <Button
                backgroundColor="green"
                icon={
                  Object {
                    "name": "user-o",
                    "type": "font-awesome",
                  }
                }
                onPress={[Function]}
                rounded={true}
                title="Create new Account"
              />
            </AnimatedComponent>
          </Component>,
        ],
        "style": Object {
          "backgroundColor": "#2F95D6",
          "flex": 1,
          "justifyContent": "center",
        },
      },
      "ref": null,
      "rendered": Array [
        Object {
          "instance": null,
          "key": undefined,
          "nodeType": "class",
          "props": Object {
            "children": <Image
              source={
                Object {
                  "testUri": "../../../src/assets/fishmap-lightsky.png",
                }
              }
            />,
            "style": Array [
              Object {
                "flex": 1,
              },
              Object {
                "alignItems": "center",
                "flex": 2,
                "flexDirection": "column",
                "justifyContent": "flex-end",
                "paddingTop": 120,
              },
            ],
          },
          "ref": null,
          "rendered": Object {
            "instance": null,
            "key": undefined,
            "nodeType": "class",
            "props": Object {
              "source": Object {
                "testUri": "../../../src/assets/fishmap-lightsky.png",
              },
            },
            "ref": null,
            "rendered": null,
            "type": [Function],
          },
          "type": [Function],
        },
        Object {
          "instance": null,
          "key": undefined,
          "nodeType": "class",
          "props": Object {
            "children": Array [
              <TextInput
                allowFontScaling={true}
                maxLength={40}
                onChangeText={[Function]}
                placeholder="your@email.com"
                placeholderTextColor="lightgray"
                style={
                  Object {
                    "borderBottomColor": "#2F95D6",
                    "borderBottomWidth": 1,
                    "color": "gray",
                    "height": 50,
                  }
                }
                underlineColorAndroid="#2F95D6"
              />,
              <TextInput
                allowFontScaling={true}
                maxLength={40}
                onChangeText={[Function]}
                placeholder="password"
                placeholderTextColor="lightgray"
                secureTextEntry={true}
                style={
                  Object {
                    "borderBottomColor": "#2F95D6",
                    "borderBottomWidth": 1,
                    "color": "gray",
                    "height": 50,
                  }
                }
                underlineColorAndroid="#2F95D6"
              />,
            ],
            "style": Array [
              Object {
                "flex": 1,
              },
              Object {
                "backgroundColor": "white",
                "flex": 2,
                "flexDirection": "column",
                "paddingBottom": 40,
                "paddingLeft": 10,
                "paddingRight": 10,
                "paddingTop": 32,
              },
            ],
          },
          "ref": null,
          "rendered": Array [
            Object {
              "instance": null,
              "key": undefined,
              "nodeType": "class",
              "props": Object {
                "allowFontScaling": true,
                "maxLength": 40,
                "onChangeText": [Function],
                "placeholder": "your@email.com",
                "placeholderTextColor": "lightgray",
                "style": Object {
                  "borderBottomColor": "#2F95D6",
                  "borderBottomWidth": 1,
                  "color": "gray",
                  "height": 50,
                },
                "underlineColorAndroid": "#2F95D6",
              },
              "ref": null,
              "rendered": null,
              "type": [Function],
            },
            Object {
              "instance": null,
              "key": undefined,
              "nodeType": "class",
              "props": Object {
                "allowFontScaling": true,
                "maxLength": 40,
                "onChangeText": [Function],
                "placeholder": "password",
                "placeholderTextColor": "lightgray",
                "secureTextEntry": true,
                "style": Object {
                  "borderBottomColor": "#2F95D6",
                  "borderBottomWidth": 1,
                  "color": "gray",
                  "height": 50,
                },
                "underlineColorAndroid": "#2F95D6",
              },
              "ref": null,
              "rendered": null,
              "type": [Function],
            },
          ],
          "type": [Function],
        },
        Object {
          "instance": null,
          "key": undefined,
          "nodeType": "class",
          "props": Object {
            "children": Array [
              <Button
                backgroundColor="gray"
                disabled={true}
                icon={
                  Object {
                    "name": "sign-in",
                    "type": "font-awesome",
                  }
                }
                onPress={[Function]}
                rounded={true}
                title="Login"
              />,
              <Component
                style={
                  Object {
                    "alignItems": "center",
                  }
                }
              >
                <TouchableHighlight
                  activeOpacity={0.85}
                  delayPressOut={100}
                  underlayColor="black"
                >
                  <Component>
                    Forgot password ?
                  </Component>
                </TouchableHighlight>
              </Component>,
            ],
            "style": Array [
              Object {
                "flex": 1,
              },
              Object {
                "backgroundColor": "white",
                "flex": 3,
                "flexDirection": "column",
                "justifyContent": "space-around",
                "paddingLeft": 10,
                "paddingRight": 10,
              },
            ],
          },
          "ref": null,
          "rendered": Array [
            Object {
              "instance": null,
              "key": undefined,
              "nodeType": "function",
              "props": Object {
                "backgroundColor": "gray",
                "disabled": true,
                "icon": Object {
                  "name": "sign-in",
                  "type": "font-awesome",
                },
                "onPress": [Function],
                "rounded": true,
                "title": "Login",
              },
              "ref": null,
              "rendered": null,
              "type": [Function],
            },
            Object {
              "instance": null,
              "key": undefined,
              "nodeType": "class",
              "props": Object {
                "children": <TouchableHighlight
                  activeOpacity={0.85}
                  delayPressOut={100}
                  underlayColor="black"
                >
                  <Component>
                    Forgot password ?
                  </Component>
                </TouchableHighlight>,
                "style": Object {
                  "alignItems": "center",
                },
              },
              "ref": null,
              "rendered": Object {
                "instance": null,
                "key": undefined,
                "nodeType": "class",
                "props": Object {
                  "activeOpacity": 0.85,
                  "children": <Component>
                    Forgot password ?
                  </Component>,
                  "delayPressOut": 100,
                  "underlayColor": "black",
                },
                "ref": null,
                "rendered": Object {
                  "instance": null,
                  "key": undefined,
                  "nodeType": "class",
                  "props": Object {
                    "children": "Forgot password ?",
                  },
                  "ref": null,
                  "rendered": "Forgot password ?",
                  "type": [Function],
                },
                "type": [Function],
              },
              "type": [Function],
            },
          ],
          "type": [Function],
        },
        Object {
          "instance": null,
          "key": undefined,
          "nodeType": "class",
          "props": Object {
            "children": <AnimatedComponent
              style={
                Array [
                  Object {
                    "opacity": 1,
                    "transform": Array [
                      Object {
                        "scaleX": 1,
                      },
                    ],
                  },
                ]
              }
            >
              <Button
                backgroundColor="green"
                icon={
                  Object {
                    "name": "user-o",
                    "type": "font-awesome",
                  }
                }
                onPress={[Function]}
                rounded={true}
                title="Create new Account"
              />
            </AnimatedComponent>,
            "style": Array [
              Object {
                "flex": 1,
              },
              Object {
                "backgroundColor": "white",
                "flex": 2,
                "justifyContent": "space-around",
                "paddingLeft": 10,
                "paddingRight": 10,
              },
            ],
          },
          "ref": null,
          "rendered": Object {
            "instance": null,
            "key": undefined,
            "nodeType": "class",
            "props": Object {
              "children": <Button
                backgroundColor="green"
                icon={
                  Object {
                    "name": "user-o",
                    "type": "font-awesome",
                  }
                }
                onPress={[Function]}
                rounded={true}
                title="Create new Account"
              />,
              "style": Array [
                Object {
                  "opacity": 1,
                  "transform": Array [
                    Object {
                      "scaleX": 1,
                    },
                  ],
                },
              ],
            },
            "ref": null,
            "rendered": Object {
              "instance": null,
              "key": undefined,
              "nodeType": "function",
              "props": Object {
                "backgroundColor": "green",
                "icon": Object {
                  "name": "user-o",
                  "type": "font-awesome",
                },
                "onPress": [Function],
                "rounded": true,
                "title": "Create new Account",
              },
              "ref": null,
              "rendered": null,
              "type": [Function],
            },
            "type": [Function],
          },
          "type": [Function],
        },
      ],
      "type": [Function],
    },
  ],
  Symbol(enzyme.__options__): Object {
    "adapter": ReactSixteenAdapter {
      "options": Object {
        "enableComponentDidUpdateOnSetState": true,
      },
    },
    "attachTo": undefined,
    "hydrateIn": undefined,
  },
}
`;
