// Jest Snapshot v1, https://goo.gl/fbAQLP

exports[`Testing UserMarker component renders correctly 1`] = `
ShallowWrapper {
  Symbol(enzyme.__root__): [Circular],
  Symbol(enzyme.__unrendered__): <UserMarker
    marker={
      Object {
        "latitude": 54.475408,
        "longitude": 18.263086,
      }
    }
  />,
  Symbol(enzyme.__renderer__): Object {
    "batchedUpdates": [Function],
    "getNode": [Function],
    "render": [Function],
    "simulateEvent": [Function],
    "unmount": [Function],
  },
  Symbol(enzyme.__node__): Object {
    "instance": null,
    "key": undefined,
    "nodeType": "class",
    "props": Object {
      "coordinate": Object {
        "latitude": 54.475408,
        "longitude": 18.263086,
      },
      "onPress": [Function],
    },
    "ref": null,
    "rendered": null,
    "type": [Function],
  },
  Symbol(enzyme.__nodes__): Array [
    Object {
      "instance": null,
      "key": undefined,
      "nodeType": "class",
      "props": Object {
        "coordinate": Object {
          "latitude": 54.475408,
          "longitude": 18.263086,
        },
        "onPress": [Function],
      },
      "ref": null,
      "rendered": null,
      "type": [Function],
    },
  ],
  Symbol(enzyme.__options__): Object {
    "adapter": ReactSixteenAdapter {
      "options": Object {
        "enableComponentDidUpdateOnSetState": true,
      },
    },
    "attachTo": undefined,
    "hydrateIn": undefined,
  },
}
`;
